// Vitest Snapshot v1, https://vitest.dev/guide/snapshot.html

exports[`codegen > interpolation 1`] = `
"const { toDisplayString:_toDisplayString } = vue;
return function render(_ctx, _cache){_toDisplayString(_ctx.message)}"
`;

exports[`codegen > string 1`] = `"return function render(_ctx, _cache){'hi'}"`;
